// Jest Snapshot v1, https://goo.gl/fbAQLP

exports[`should render User 1`] = `ShallowWrapper {}`;
